I'm sorry, but errors were detected in your script. Please correct the
errors listed below, and try again.


File "game/script.rpy", line 13: python block expects a non-empty block.
    python:
           ^

Ren'Py Version: Ren'Py 8.3.7.25031702
Wed Apr 30 14:11:20 2025
